\BOOKMARK [1][-]{section*.2}{\376\377\000A\000u\000t\000h\000o\000r\000s\000h\000i\000p\000\040\000D\000e\000c\000l\000a\000r\000a\000t\000i\000o\000n}{}% 1
\BOOKMARK [1][-]{section*.4}{\376\377\000A\000c\000k\000n\000o\000w\000l\000e\000d\000g\000e\000m\000e\000n\000t\000s}{}% 2
\BOOKMARK [1][-]{section*.5}{\376\377\000A\000b\000s\000t\000r\000a\000c\000t}{}% 3
\BOOKMARK [1][-]{section*.6}{\376\377\000T\000a\000b\000l\000e\000\040\000o\000f\000\040\000C\000o\000n\000t\000e\000n\000t\000s}{}% 4
\BOOKMARK [1][-]{section.1}{\376\377\0001\000\040\000I\000n\000t\000r\000o\000d\000u\000c\000t\000i\000o\000n}{}% 5
\BOOKMARK [2][-]{subsection.1.1}{\376\377\0001\000.\0001\000\040\000B\000a\000c\000k\000g\000r\000o\000u\000n\000d\000\040\000a\000n\000d\000\040\000M\000o\000t\000i\000v\000a\000t\000i\000o\000n}{section.1}% 6
\BOOKMARK [2][-]{subsection.1.2}{\376\377\0001\000.\0002\000\040\000A\000i\000m\000\040\000a\000n\000d\000\040\000O\000b\000j\000e\000c\000t\000i\000v\000e\000s}{section.1}% 7
\BOOKMARK [2][-]{subsection.1.3}{\376\377\0001\000.\0003\000\040\000O\000r\000g\000a\000n\000i\000s\000a\000t\000i\000o\000n}{section.1}% 8
\BOOKMARK [1][-]{section.2}{\376\377\0002\000\040\000B\000a\000c\000k\000g\000r\000o\000u\000n\000d\000\040\000R\000e\000s\000e\000a\000r\000c\000h}{}% 9
\BOOKMARK [2][-]{subsection.2.1}{\376\377\0002\000.\0001\000\040\000G\000a\000n\000t\000t\000\040\000C\000h\000a\000r\000t\000s\000\040\000a\000n\000d\000\040\000P\000r\000o\000j\000e\000c\000t\000\040\000M\000a\000n\000a\000g\000e\000m\000e\000n\000t}{section.2}% 10
\BOOKMARK [2][-]{subsection.2.2}{\376\377\0002\000.\0002\000\040\000G\000a\000n\000t\000t\000\040\000C\000h\000a\000r\000t\000s\000\040\000i\000n\000\040\000E\000d\000u\000c\000a\000t\000i\000o\000n\000a\000l\000\040\000C\000o\000n\000t\000e\000x\000t\000s}{section.2}% 11
\BOOKMARK [2][-]{subsection.2.3}{\376\377\0002\000.\0003\000\040\000I\000n\000t\000e\000r\000a\000c\000t\000i\000v\000e\000\040\000D\000a\000t\000a\000\040\000V\000i\000s\000u\000a\000l\000i\000s\000a\000t\000i\000o\000n}{section.2}% 12
\BOOKMARK [1][-]{section.3}{\376\377\0003\000\040\000M\000e\000t\000h\000o\000d\000o\000l\000o\000g\000y}{}% 13
\BOOKMARK [2][-]{subsection.3.1}{\376\377\0003\000.\0001\000\040\000S\000t\000a\000k\000e\000h\000o\000l\000d\000e\000r\000s\000\040\000a\000n\000d\000\040\000U\000s\000e\000\040\000C\000a\000s\000e\000s}{section.3}% 14
\BOOKMARK [2][-]{subsection.3.2}{\376\377\0003\000.\0002\000\040\000R\000e\000q\000u\000i\000r\000e\000m\000e\000n\000t\000\040\000A\000n\000a\000l\000y\000s\000i\000s}{section.3}% 15
\BOOKMARK [2][-]{subsection.3.3}{\376\377\0003\000.\0003\000\040\000E\000v\000a\000l\000u\000a\000t\000i\000o\000n\000\040\000M\000e\000t\000h\000o\000d}{section.3}% 16
\BOOKMARK [1][-]{section.4}{\376\377\0004\000\040\000F\000e\000a\000s\000i\000b\000i\000l\000i\000t\000y}{}% 17
\BOOKMARK [2][-]{subsection.4.1}{\376\377\0004\000.\0001\000\040\000S\000t\000a\000k\000e\000h\000o\000l\000d\000e\000r\000\040\000M\000e\000e\000t\000i\000n\000g\000s}{section.4}% 18
\BOOKMARK [2][-]{subsection.4.2}{\376\377\0004\000.\0002\000\040\000T\000o\000o\000l\000s}{section.4}% 19
\BOOKMARK [2][-]{subsection.4.3}{\376\377\0004\000.\0003\000\040\000I\000n\000t\000e\000r\000f\000a\000c\000e\000\040\000M\000o\000c\000k\000-\000u\000p\000s}{section.4}% 20
\BOOKMARK [2][-]{subsection.4.4}{\376\377\0004\000.\0004\000\040\000L\000i\000m\000i\000t\000a\000t\000i\000o\000n\000s\000\040\000a\000n\000d\000\040\000R\000i\000s\000k\000s}{section.4}% 21
\BOOKMARK [1][-]{section.5}{\376\377\0005\000\040\000I\000m\000p\000l\000e\000m\000e\000n\000t\000a\000t\000i\000o\000n\000\040\000a\000n\000d\000\040\000C\000o\000n\000t\000r\000i\000b\000u\000t\000i\000o\000n\000s}{}% 22
\BOOKMARK [2][-]{subsection.5.1}{\376\377\0005\000.\0001\000\040\000S\000y\000s\000t\000e\000m\000\040\000A\000r\000c\000h\000i\000t\000e\000c\000t\000u\000r\000e}{section.5}% 23
\BOOKMARK [2][-]{subsection.5.2}{\376\377\0005\000.\0002\000\040\000D\000a\000t\000a\000b\000a\000s\000e\000\040\000D\000e\000s\000i\000g\000n\000\040\000a\000n\000d\